C51 COMPILER V9.53.0.0   LED_C                                                             03/05/2024 20:03:00 PAGE 1   


C51 COMPILER V9.53.0.0, COMPILATION OF MODULE LED_C
OBJECT MODULE PLACED IN led_c.OBJ
COMPILER INVOKED BY: C:\programs\Keil_v5\C51\BIN\C51.EXE led_c.c OPTIMIZE(8,SPEED) BROWSE DEBUG OBJECTEXTEND TABS(2)

line level    source

   1          #include <C8051F120.h>
   2          
   3          sbit LED = P1^6; 
   4          sbit SW = P3^7;  
   5          
   6          unsigned long i=0; //delay counter
   7          void Reset_Sources_Init()//disabling the watchdog timer
   8          {
   9   1          WDTCN     = 0xDE;
  10   1          WDTCN     = 0xAD;
  11   1      }
  12          void Port_IO_Init() //configuring I/O ports
  13          {
  14   1          SFRPAGE   = CONFIG_PAGE; //go to the configuration page
  15   1          P1MDOUT   = 0x40; 
  16   1          XBR2      = 0x40;
  17   1      }
  18          void Init_Device(void) // device initialization
  19          {
  20   1          Reset_Sources_Init();
  21   1          Port_IO_Init();
  22   1      }
  23          void main(void) {
  24   1        Init_Device();
  25   1        LED = 0; //Clearing the state of the diode
  26   1        while(1){// This loop creates a delay.
  27   2          i++; // Incrementing the delay variable
  28   2          if (i == 195075) { // If the variable is 195075, then clear
  29   3            i = 0; // Reset it to zero
  30   3            LED = ~LED;// Invert the state of the diode
  31   3            }
  32   2          }
  33   1        }
  34          


MODULE INFORMATION:   STATIC OVERLAYABLE
   CODE SIZE        =     82    ----
   CONSTANT SIZE    =   ----    ----
   XDATA SIZE       =   ----    ----
   PDATA SIZE       =   ----    ----
   DATA SIZE        =      4    ----
   IDATA SIZE       =   ----    ----
   BIT SIZE         =   ----    ----
END OF MODULE INFORMATION.


C51 COMPILATION COMPLETE.  0 WARNING(S),  0 ERROR(S)
