C51 COMPILER V9.53.0.0   MAIN                                                              03/03/2024 16:57:53 PAGE 1   


C51 COMPILER V9.53.0.0, COMPILATION OF MODULE MAIN
OBJECT MODULE PLACED IN main.OBJ
COMPILER INVOKED BY: C:\programs\Keil_v5\C51\BIN\C51.EXE main.c OPTIMIZE(8,SPEED) BROWSE DEBUG OBJECTEXTEND TABS(2)

line level    source

   1          #include <stdio.h> //??????????? ?????????? ?????/??????
   2          sbit LED = P1^6;   //?????????? ??????? ?????????? LED ? SW
*** ERROR C202 IN LINE 2 OF main.c: 'P1': undefined identifier
   3          sbit SW = P3^7;
*** ERROR C202 IN LINE 3 OF main.c: 'P3': undefined identifier
   4          void Reset_Sources_Init() //?????????? ??????????? ???????
   5          {
   6   1          WDTCN = 0xDE;    
*** ERROR C202 IN LINE 6 OF main.c: 'WDTCN': undefined identifier
   7   1          WDTCN = 0xAD;
*** ERROR C202 IN LINE 7 OF main.c: 'WDTCN': undefined identifier
   8   1      }
   9          void Port_IO_Init() //????????? ?????? ?????/??????
  10          {
  11   1          SFRPAGE = CONFIG_PAGE; //??????? ?? ???????? ????????????
*** ERROR C202 IN LINE 11 OF main.c: 'SFRPAGE': undefined identifier
  12   1          P1MDOUT = 0x40; // ????????? ????? P1.6 ? ???????? ???????????? ??????
*** ERROR C202 IN LINE 12 OF main.c: 'P1MDOUT': undefined identifier
  13   1          XBR2 = 0x40;
*** ERROR C202 IN LINE 13 OF main.c: 'XBR2': undefined identifier
  14   1      }
  15          void main(void)
  16          {
  17   1        Reset_Sources_Init();   //????? ??????? Reset_Sources_Init
  18   1        Port_IO_Init();   // ????? ??????? Port_IO_Init()
  19   1        while(1)
  20   1        {
  21   2          LED = ~SW; // ??????????? ?????? ? ?????????? ? ???????? ???? ?.? SW ??? ??????? ?????? ????? 0
*** ERROR C202 IN LINE 21 OF main.c: 'LED': undefined identifier
  22   2        }
  23   1      }

C51 COMPILATION COMPLETE.  0 WARNING(S),  8 ERROR(S)
